MPLINK 5.09, LINKER
Linker Map File - Created Tue May 05 12:44:35 2020

                                 Section Info
                  Section       Type    Address   Location Size(Bytes)
                ---------  ---------  ---------  ---------  ---------
                   .org_0       code   0x000000    program   0x000002
                   .cinit    romdata   0x000001    program   0x000004
                   .org_1       code   0x000005    program   0x000108
.config_2007_BUILD/DEFAULT/PRODUCTION/PROGRAM       code   0x002007    program   0x000002



                              Program Memory Usage 
                               Start         End      
                           ---------   ---------      
                            0x000000    0x000002      
                            0x000005    0x000088      
                            0x002007    0x002007      
            136 out of 1094 program addresses used, program memory utilization is 12%



                              Symbols - Sorted by Name
                     Name    Address   Location    Storage File                     
                ---------  ---------  ---------  --------- ---------                
                    Bucle   0x000016    program     static D:\Electronica\Talleres_Virtuales\Taller1\Programas\prueba_lcd.X\programa.asm
               Demora_5ms   0x000080    program     static D:\Electronica\Talleres_Virtuales\Taller1\Programas\prueba_lcd.X\programa.asm
                   Inicio   0x000005    program     static D:\Electronica\Talleres_Virtuales\Taller1\Programas\prueba_lcd.X\programa.asm
              LCD_Bandera   0x000040    program     static D:\Electronica\Talleres_Virtuales\Taller1\Programas\prueba_lcd.X\programa.asm
             LCD_Caracter   0x00007b    program     static D:\Electronica\Talleres_Virtuales\Taller1\Programas\prueba_lcd.X\programa.asm
              LCD_Comando   0x000076    program     static D:\Electronica\Talleres_Virtuales\Taller1\Programas\prueba_lcd.X\programa.asm
       LCD_Config_puertos   0x000018    program     static D:\Electronica\Talleres_Virtuales\Taller1\Programas\prueba_lcd.X\programa.asm
               LCD_Enable   0x000055    program     static D:\Electronica\Talleres_Virtuales\Taller1\Programas\prueba_lcd.X\programa.asm
           LCD_Envio_Data   0x00005a    program     static D:\Electronica\Talleres_Virtuales\Taller1\Programas\prueba_lcd.X\programa.asm
                 LCD_Init   0x00002b    program     static D:\Electronica\Talleres_Virtuales\Taller1\Programas\prueba_lcd.X\programa.asm
              Repeticion1   0x000082    program     static D:\Electronica\Talleres_Virtuales\Taller1\Programas\prueba_lcd.X\programa.asm
              Repeticion2   0x000084    program     static D:\Electronica\Talleres_Virtuales\Taller1\Programas\prueba_lcd.X\programa.asm
             _.org_1_0035   0x000035    program     static D:\Electronica\Talleres_Virtuales\Taller1\Programas\prueba_lcd.X\programa.asm
             _.org_1_004F   0x00004f    program     static D:\Electronica\Talleres_Virtuales\Taller1\Programas\prueba_lcd.X\programa.asm



                              Symbols - Sorted by Address
                     Name    Address   Location    Storage File                     
                ---------  ---------  ---------  --------- ---------                
                   Inicio   0x000005    program     static D:\Electronica\Talleres_Virtuales\Taller1\Programas\prueba_lcd.X\programa.asm
                    Bucle   0x000016    program     static D:\Electronica\Talleres_Virtuales\Taller1\Programas\prueba_lcd.X\programa.asm
       LCD_Config_puertos   0x000018    program     static D:\Electronica\Talleres_Virtuales\Taller1\Programas\prueba_lcd.X\programa.asm
                 LCD_Init   0x00002b    program     static D:\Electronica\Talleres_Virtuales\Taller1\Programas\prueba_lcd.X\programa.asm
             _.org_1_0035   0x000035    program     static D:\Electronica\Talleres_Virtuales\Taller1\Programas\prueba_lcd.X\programa.asm
              LCD_Bandera   0x000040    program     static D:\Electronica\Talleres_Virtuales\Taller1\Programas\prueba_lcd.X\programa.asm
             _.org_1_004F   0x00004f    program     static D:\Electronica\Talleres_Virtuales\Taller1\Programas\prueba_lcd.X\programa.asm
               LCD_Enable   0x000055    program     static D:\Electronica\Talleres_Virtuales\Taller1\Programas\prueba_lcd.X\programa.asm
           LCD_Envio_Data   0x00005a    program     static D:\Electronica\Talleres_Virtuales\Taller1\Programas\prueba_lcd.X\programa.asm
              LCD_Comando   0x000076    program     static D:\Electronica\Talleres_Virtuales\Taller1\Programas\prueba_lcd.X\programa.asm
             LCD_Caracter   0x00007b    program     static D:\Electronica\Talleres_Virtuales\Taller1\Programas\prueba_lcd.X\programa.asm
               Demora_5ms   0x000080    program     static D:\Electronica\Talleres_Virtuales\Taller1\Programas\prueba_lcd.X\programa.asm
              Repeticion1   0x000082    program     static D:\Electronica\Talleres_Virtuales\Taller1\Programas\prueba_lcd.X\programa.asm
              Repeticion2   0x000084    program     static D:\Electronica\Talleres_Virtuales\Taller1\Programas\prueba_lcd.X\programa.asm


