MPLINK 5.09, LINKER
Linker Map File - Created Fri May 01 12:42:22 2020

                                 Section Info
                  Section       Type    Address   Location Size(Bytes)
                ---------  ---------  ---------  ---------  ---------
                   .org_0       code   0x000000    program   0x000002
                   .cinit    romdata   0x000001    program   0x000004
                   .org_1       code   0x000004    program   0x000032
.config_2007_BUILD/DEFAULT/PRODUCTION/PROGRAM       code   0x002007    program   0x000002



                              Program Memory Usage 
                               Start         End      
                           ---------   ---------      
                            0x000000    0x000002      
                            0x000004    0x00001c      
                            0x002007    0x002007      
            29 out of 4358 program addresses used, program memory utilization is 0%



                              Symbols - Sorted by Name
                     Name    Address   Location    Storage File                     
                ---------  ---------  ---------  --------- ---------                
                 ENCENDER   0x000018    program     static D:\Electronica\Talleres_Virtuales\Taller1\Programas\Timer0.X\Programa_principal.asm
                  FIN_INT   0x000019    program     static D:\Electronica\Talleres_Virtuales\Taller1\Programas\Timer0.X\Programa_principal.asm
                   INICIO   0x000005    program     static D:\Electronica\Talleres_Virtuales\Taller1\Programas\Timer0.X\Programa_principal.asm
                 INT_TMR0   0x000014    program     static D:\Electronica\Talleres_Virtuales\Taller1\Programas\Timer0.X\Programa_principal.asm
                    START   0x000013    program     static D:\Electronica\Talleres_Virtuales\Taller1\Programas\Timer0.X\Programa_principal.asm



                              Symbols - Sorted by Address
                     Name    Address   Location    Storage File                     
                ---------  ---------  ---------  --------- ---------                
                   INICIO   0x000005    program     static D:\Electronica\Talleres_Virtuales\Taller1\Programas\Timer0.X\Programa_principal.asm
                    START   0x000013    program     static D:\Electronica\Talleres_Virtuales\Taller1\Programas\Timer0.X\Programa_principal.asm
                 INT_TMR0   0x000014    program     static D:\Electronica\Talleres_Virtuales\Taller1\Programas\Timer0.X\Programa_principal.asm
                 ENCENDER   0x000018    program     static D:\Electronica\Talleres_Virtuales\Taller1\Programas\Timer0.X\Programa_principal.asm
                  FIN_INT   0x000019    program     static D:\Electronica\Talleres_Virtuales\Taller1\Programas\Timer0.X\Programa_principal.asm


