MPLINK 5.09, LINKER
Linker Map File - Created Thu Apr 30 13:32:16 2020

                                 Section Info
                  Section       Type    Address   Location Size(Bytes)
                ---------  ---------  ---------  ---------  ---------
                   .org_0       code   0x000000    program   0x000034
                   .cinit    romdata   0x00001a    program   0x000004
.config_2007_BUILD/DEFAULT/PRODUCTION/PROGRAM       code   0x002007    program   0x000002



                              Program Memory Usage 
                               Start         End      
                           ---------   ---------      
                            0x000000    0x00001b      
                            0x002007    0x002007      
            29 out of 4358 program addresses used, program memory utilization is 0%



                              Symbols - Sorted by Name
                     Name    Address   Location    Storage File                     
                ---------  ---------  ---------  --------- ---------                
                      ENC   0x000014    program     static D:\Electronica\Talleres_Virtuales\Taller1\Programas\Pulsadores.X\Programa_princpial.asm
                   INICIO   0x000001    program     static D:\Electronica\Talleres_Virtuales\Taller1\Programas\Pulsadores.X\Programa_princpial.asm
                     PREG   0x00000f    program     static D:\Electronica\Talleres_Virtuales\Taller1\Programas\Pulsadores.X\Programa_princpial.asm
                    PREG2   0x000017    program     static D:\Electronica\Talleres_Virtuales\Taller1\Programas\Pulsadores.X\Programa_princpial.asm
                    START   0x000008    program     static D:\Electronica\Talleres_Virtuales\Taller1\Programas\Pulsadores.X\Programa_princpial.asm



                              Symbols - Sorted by Address
                     Name    Address   Location    Storage File                     
                ---------  ---------  ---------  --------- ---------                
                   INICIO   0x000001    program     static D:\Electronica\Talleres_Virtuales\Taller1\Programas\Pulsadores.X\Programa_princpial.asm
                    START   0x000008    program     static D:\Electronica\Talleres_Virtuales\Taller1\Programas\Pulsadores.X\Programa_princpial.asm
                     PREG   0x00000f    program     static D:\Electronica\Talleres_Virtuales\Taller1\Programas\Pulsadores.X\Programa_princpial.asm
                      ENC   0x000014    program     static D:\Electronica\Talleres_Virtuales\Taller1\Programas\Pulsadores.X\Programa_princpial.asm
                    PREG2   0x000017    program     static D:\Electronica\Talleres_Virtuales\Taller1\Programas\Pulsadores.X\Programa_princpial.asm


