MPLINK 5.09, LINKER
Linker Map File - Created Wed May 06 13:26:39 2020

                                 Section Info
                  Section       Type    Address   Location Size(Bytes)
                ---------  ---------  ---------  ---------  ---------
                   .org_0       code   0x000000    program   0x0000f4
                   .cinit    romdata   0x00007a    program   0x000004
.config_2007_BUILD/DEFAULT/PRODUCTION/PROGRAM       code   0x002007    program   0x000002



                              Program Memory Usage 
                               Start         End      
                           ---------   ---------      
                            0x000000    0x00007b      
                            0x002007    0x002007      
            125 out of 4358 program addresses used, program memory utilization is 2%



                              Symbols - Sorted by Name
                     Name    Address   Location    Storage File                     
                ---------  ---------  ---------  --------- ---------                
                    BUCLE   0x000063    program     static D:\Electronica\Talleres_Virtuales\Taller1\Programas\DISPLAY_7SEG.X\Retardos.inc
              BUCLE_milis   0x000050    program     static D:\Electronica\Talleres_Virtuales\Taller1\Programas\DISPLAY_7SEG.X\Retardos.inc
                    Bucle   0x000075    program     static D:\Electronica\Talleres_Virtuales\Taller1\Programas\DISPLAY_7SEG.X\Retardos.inc
                  DISPLAY   0x000023    program     static D:\Electronica\Talleres_Virtuales\Taller1\Programas\DISPLAY_7SEG.X\Programa_principal.asm
                   INICIO   0x000001    program     static D:\Electronica\Talleres_Virtuales\Taller1\Programas\DISPLAY_7SEG.X\Programa_principal.asm
                 MAYOR_15   0x00001b    program     static D:\Electronica\Talleres_Virtuales\Taller1\Programas\DISPLAY_7SEG.X\Programa_principal.asm
            Retardo_100us   0x000068    program     static D:\Electronica\Talleres_Virtuales\Taller1\Programas\DISPLAY_7SEG.X\Retardos.inc
             Retardo_10us   0x00006f    program     static D:\Electronica\Talleres_Virtuales\Taller1\Programas\DISPLAY_7SEG.X\Retardos.inc
              Retardo_1ms   0x000056    program     static D:\Electronica\Talleres_Virtuales\Taller1\Programas\DISPLAY_7SEG.X\Retardos.inc
              Retardo_1us   0x000078    program     static D:\Electronica\Talleres_Virtuales\Taller1\Programas\DISPLAY_7SEG.X\Retardos.inc
            Retardo_200us   0x00005b    program     static D:\Electronica\Talleres_Virtuales\Taller1\Programas\DISPLAY_7SEG.X\Retardos.inc
             Retardo_20ms   0x000049    program     static D:\Electronica\Talleres_Virtuales\Taller1\Programas\DISPLAY_7SEG.X\Retardos.inc
             Retardo_20us   0x00006d    program     static D:\Electronica\Talleres_Virtuales\Taller1\Programas\DISPLAY_7SEG.X\Retardos.inc
            Retardo_300us   0x00005d    program     static D:\Electronica\Talleres_Virtuales\Taller1\Programas\DISPLAY_7SEG.X\Retardos.inc
            Retardo_400ms   0x000034    program     static D:\Electronica\Talleres_Virtuales\Taller1\Programas\DISPLAY_7SEG.X\Retardos.inc
            Retardo_500us   0x00005f    program     static D:\Electronica\Talleres_Virtuales\Taller1\Programas\DISPLAY_7SEG.X\Retardos.inc
             Retardo_50us   0x00006b    program     static D:\Electronica\Talleres_Virtuales\Taller1\Programas\DISPLAY_7SEG.X\Retardos.inc
              Retardo_5ms   0x00004b    program     static D:\Electronica\Talleres_Virtuales\Taller1\Programas\DISPLAY_7SEG.X\Retardos.inc
              Retardo_5us   0x000072    program     static D:\Electronica\Talleres_Virtuales\Taller1\Programas\DISPLAY_7SEG.X\Retardos.inc
           Retardo_Micros   0x000061    program     static D:\Electronica\Talleres_Virtuales\Taller1\Programas\DISPLAY_7SEG.X\Retardos.inc
            Retardo_Milis   0x00004e    program     static D:\Electronica\Talleres_Virtuales\Taller1\Programas\DISPLAY_7SEG.X\Retardos.inc
           Retardo_micros   0x000074    program     static D:\Electronica\Talleres_Virtuales\Taller1\Programas\DISPLAY_7SEG.X\Retardos.inc
                 Retardos   0x000060    program     static D:\Electronica\Talleres_Virtuales\Taller1\Programas\DISPLAY_7SEG.X\Retardos.inc
              Retardos_ms   0x00004d    program     static D:\Electronica\Talleres_Virtuales\Taller1\Programas\DISPLAY_7SEG.X\Retardos.inc
                    START   0x00000c    program     static D:\Electronica\Talleres_Virtuales\Taller1\Programas\DISPLAY_7SEG.X\Programa_principal.asm



                              Symbols - Sorted by Address
                     Name    Address   Location    Storage File                     
                ---------  ---------  ---------  --------- ---------                
                   INICIO   0x000001    program     static D:\Electronica\Talleres_Virtuales\Taller1\Programas\DISPLAY_7SEG.X\Programa_principal.asm
                    START   0x00000c    program     static D:\Electronica\Talleres_Virtuales\Taller1\Programas\DISPLAY_7SEG.X\Programa_principal.asm
                 MAYOR_15   0x00001b    program     static D:\Electronica\Talleres_Virtuales\Taller1\Programas\DISPLAY_7SEG.X\Programa_principal.asm
                  DISPLAY   0x000023    program     static D:\Electronica\Talleres_Virtuales\Taller1\Programas\DISPLAY_7SEG.X\Programa_principal.asm
            Retardo_400ms   0x000034    program     static D:\Electronica\Talleres_Virtuales\Taller1\Programas\DISPLAY_7SEG.X\Retardos.inc
             Retardo_20ms   0x000049    program     static D:\Electronica\Talleres_Virtuales\Taller1\Programas\DISPLAY_7SEG.X\Retardos.inc
              Retardo_5ms   0x00004b    program     static D:\Electronica\Talleres_Virtuales\Taller1\Programas\DISPLAY_7SEG.X\Retardos.inc
              Retardos_ms   0x00004d    program     static D:\Electronica\Talleres_Virtuales\Taller1\Programas\DISPLAY_7SEG.X\Retardos.inc
            Retardo_Milis   0x00004e    program     static D:\Electronica\Talleres_Virtuales\Taller1\Programas\DISPLAY_7SEG.X\Retardos.inc
              BUCLE_milis   0x000050    program     static D:\Electronica\Talleres_Virtuales\Taller1\Programas\DISPLAY_7SEG.X\Retardos.inc
              Retardo_1ms   0x000056    program     static D:\Electronica\Talleres_Virtuales\Taller1\Programas\DISPLAY_7SEG.X\Retardos.inc
            Retardo_200us   0x00005b    program     static D:\Electronica\Talleres_Virtuales\Taller1\Programas\DISPLAY_7SEG.X\Retardos.inc
            Retardo_300us   0x00005d    program     static D:\Electronica\Talleres_Virtuales\Taller1\Programas\DISPLAY_7SEG.X\Retardos.inc
            Retardo_500us   0x00005f    program     static D:\Electronica\Talleres_Virtuales\Taller1\Programas\DISPLAY_7SEG.X\Retardos.inc
                 Retardos   0x000060    program     static D:\Electronica\Talleres_Virtuales\Taller1\Programas\DISPLAY_7SEG.X\Retardos.inc
           Retardo_Micros   0x000061    program     static D:\Electronica\Talleres_Virtuales\Taller1\Programas\DISPLAY_7SEG.X\Retardos.inc
                    BUCLE   0x000063    program     static D:\Electronica\Talleres_Virtuales\Taller1\Programas\DISPLAY_7SEG.X\Retardos.inc
            Retardo_100us   0x000068    program     static D:\Electronica\Talleres_Virtuales\Taller1\Programas\DISPLAY_7SEG.X\Retardos.inc
             Retardo_50us   0x00006b    program     static D:\Electronica\Talleres_Virtuales\Taller1\Programas\DISPLAY_7SEG.X\Retardos.inc
             Retardo_20us   0x00006d    program     static D:\Electronica\Talleres_Virtuales\Taller1\Programas\DISPLAY_7SEG.X\Retardos.inc
             Retardo_10us   0x00006f    program     static D:\Electronica\Talleres_Virtuales\Taller1\Programas\DISPLAY_7SEG.X\Retardos.inc
              Retardo_5us   0x000072    program     static D:\Electronica\Talleres_Virtuales\Taller1\Programas\DISPLAY_7SEG.X\Retardos.inc
           Retardo_micros   0x000074    program     static D:\Electronica\Talleres_Virtuales\Taller1\Programas\DISPLAY_7SEG.X\Retardos.inc
                    Bucle   0x000075    program     static D:\Electronica\Talleres_Virtuales\Taller1\Programas\DISPLAY_7SEG.X\Retardos.inc
              Retardo_1us   0x000078    program     static D:\Electronica\Talleres_Virtuales\Taller1\Programas\DISPLAY_7SEG.X\Retardos.inc


