MPLINK 5.09, LINKER
Linker Map File - Created Mon May 04 13:25:07 2020

                                 Section Info
                  Section       Type    Address   Location Size(Bytes)
                ---------  ---------  ---------  ---------  ---------
                   .org_0       code   0x000000    program   0x0000ce
                   .cinit    romdata   0x000067    program   0x000004
.config_2007_BUILD/DEFAULT/PRODUCTION/PROGRAM       code   0x002007    program   0x000002



                              Program Memory Usage 
                               Start         End      
                           ---------   ---------      
                            0x000000    0x000068      
                            0x002007    0x002007      
            106 out of 4358 program addresses used, program memory utilization is 2%



                              Symbols - Sorted by Name
                     Name    Address   Location    Storage File                     
                ---------  ---------  ---------  --------- ---------                
                   INICIO   0x000001    program     static D:\Electronica\Talleres_Virtuales\Taller1\Programas\PWM.X\Programa_principal.asm
                  MUESTRA   0x00001b    program     static D:\Electronica\Talleres_Virtuales\Taller1\Programas\PWM.X\Programa_principal.asm
    R1Decima_BucleExterno   0x00005d    program     static D:\Electronica\Talleres_Virtuales\Taller1\Programas\PWM.X\Retardos.inc
   R1Decima_BucleExterno2   0x00005b    program     static D:\Electronica\Talleres_Virtuales\Taller1\Programas\PWM.X\Retardos.inc
    R1Decima_BucleInterno   0x00005f    program     static D:\Electronica\Talleres_Virtuales\Taller1\Programas\PWM.X\Retardos.inc
        R1ms_BucleExterno   0x000047    program     static D:\Electronica\Talleres_Virtuales\Taller1\Programas\PWM.X\Retardos.inc
        R1ms_BucleInterno   0x000049    program     static D:\Electronica\Talleres_Virtuales\Taller1\Programas\PWM.X\Retardos.inc
            RetardoMicros   0x000033    program     static D:\Electronica\Talleres_Virtuales\Taller1\Programas\PWM.X\Retardos.inc
        Retardo_100micros   0x00002d    program     static D:\Electronica\Talleres_Virtuales\Taller1\Programas\PWM.X\Retardos.inc
            Retardo_100ms   0x000039    program     static D:\Electronica\Talleres_Virtuales\Taller1\Programas\PWM.X\Retardos.inc
         Retardo_10micros   0x000020    program     static D:\Electronica\Talleres_Virtuales\Taller1\Programas\PWM.X\Retardos.inc
             Retardo_10ms   0x00003f    program     static D:\Electronica\Talleres_Virtuales\Taller1\Programas\PWM.X\Retardos.inc
              Retardo_10s   0x000051    program     static D:\Electronica\Talleres_Virtuales\Taller1\Programas\PWM.X\Retardos.inc
          Retardo_1Decima   0x00005a    program     static D:\Electronica\Talleres_Virtuales\Taller1\Programas\PWM.X\Retardos.inc
              Retardo_1ms   0x000045    program     static D:\Electronica\Talleres_Virtuales\Taller1\Programas\PWM.X\Retardos.inc
               Retardo_1s   0x000057    program     static D:\Electronica\Talleres_Virtuales\Taller1\Programas\PWM.X\Retardos.inc
        Retardo_200micros   0x00002a    program     static D:\Electronica\Talleres_Virtuales\Taller1\Programas\PWM.X\Retardos.inc
            Retardo_200ms   0x000037    program     static D:\Electronica\Talleres_Virtuales\Taller1\Programas\PWM.X\Retardos.inc
         Retardo_20micros   0x000032    program     static D:\Electronica\Talleres_Virtuales\Taller1\Programas\PWM.X\Retardos.inc
             Retardo_20ms   0x00003d    program     static D:\Electronica\Talleres_Virtuales\Taller1\Programas\PWM.X\Retardos.inc
              Retardo_20s   0x00004f    program     static D:\Electronica\Talleres_Virtuales\Taller1\Programas\PWM.X\Retardos.inc
              Retardo_2ms   0x000043    program     static D:\Electronica\Talleres_Virtuales\Taller1\Programas\PWM.X\Retardos.inc
               Retardo_2s   0x000055    program     static D:\Electronica\Talleres_Virtuales\Taller1\Programas\PWM.X\Retardos.inc
          Retardo_4micros   0x000026    program     static D:\Electronica\Talleres_Virtuales\Taller1\Programas\PWM.X\Retardos.inc
        Retardo_500micros   0x000027    program     static D:\Electronica\Talleres_Virtuales\Taller1\Programas\PWM.X\Retardos.inc
            Retardo_500ms   0x000059    program     static D:\Electronica\Talleres_Virtuales\Taller1\Programas\PWM.X\Retardos.inc
         Retardo_50micros   0x00002f    program     static D:\Electronica\Talleres_Virtuales\Taller1\Programas\PWM.X\Retardos.inc
             Retardo_50ms   0x00003b    program     static D:\Electronica\Talleres_Virtuales\Taller1\Programas\PWM.X\Retardos.inc
          Retardo_5micros   0x000025    program     static D:\Electronica\Talleres_Virtuales\Taller1\Programas\PWM.X\Retardos.inc
              Retardo_5ms   0x000041    program     static D:\Electronica\Talleres_Virtuales\Taller1\Programas\PWM.X\Retardos.inc
               Retardo_5s   0x000053    program     static D:\Electronica\Talleres_Virtuales\Taller1\Programas\PWM.X\Retardos.inc
              Retardos_ms   0x000046    program     static D:\Electronica\Talleres_Virtuales\Taller1\Programas\PWM.X\Retardos.inc
            Rmicros_Bucle   0x000034    program     static D:\Electronica\Talleres_Virtuales\Taller1\Programas\PWM.X\Retardos.inc
                    START   0x00000f    program     static D:\Electronica\Talleres_Virtuales\Taller1\Programas\PWM.X\Programa_principal.asm



                              Symbols - Sorted by Address
                     Name    Address   Location    Storage File                     
                ---------  ---------  ---------  --------- ---------                
                   INICIO   0x000001    program     static D:\Electronica\Talleres_Virtuales\Taller1\Programas\PWM.X\Programa_principal.asm
                    START   0x00000f    program     static D:\Electronica\Talleres_Virtuales\Taller1\Programas\PWM.X\Programa_principal.asm
                  MUESTRA   0x00001b    program     static D:\Electronica\Talleres_Virtuales\Taller1\Programas\PWM.X\Programa_principal.asm
         Retardo_10micros   0x000020    program     static D:\Electronica\Talleres_Virtuales\Taller1\Programas\PWM.X\Retardos.inc
          Retardo_5micros   0x000025    program     static D:\Electronica\Talleres_Virtuales\Taller1\Programas\PWM.X\Retardos.inc
          Retardo_4micros   0x000026    program     static D:\Electronica\Talleres_Virtuales\Taller1\Programas\PWM.X\Retardos.inc
        Retardo_500micros   0x000027    program     static D:\Electronica\Talleres_Virtuales\Taller1\Programas\PWM.X\Retardos.inc
        Retardo_200micros   0x00002a    program     static D:\Electronica\Talleres_Virtuales\Taller1\Programas\PWM.X\Retardos.inc
        Retardo_100micros   0x00002d    program     static D:\Electronica\Talleres_Virtuales\Taller1\Programas\PWM.X\Retardos.inc
         Retardo_50micros   0x00002f    program     static D:\Electronica\Talleres_Virtuales\Taller1\Programas\PWM.X\Retardos.inc
         Retardo_20micros   0x000032    program     static D:\Electronica\Talleres_Virtuales\Taller1\Programas\PWM.X\Retardos.inc
            RetardoMicros   0x000033    program     static D:\Electronica\Talleres_Virtuales\Taller1\Programas\PWM.X\Retardos.inc
            Rmicros_Bucle   0x000034    program     static D:\Electronica\Talleres_Virtuales\Taller1\Programas\PWM.X\Retardos.inc
            Retardo_200ms   0x000037    program     static D:\Electronica\Talleres_Virtuales\Taller1\Programas\PWM.X\Retardos.inc
            Retardo_100ms   0x000039    program     static D:\Electronica\Talleres_Virtuales\Taller1\Programas\PWM.X\Retardos.inc
             Retardo_50ms   0x00003b    program     static D:\Electronica\Talleres_Virtuales\Taller1\Programas\PWM.X\Retardos.inc
             Retardo_20ms   0x00003d    program     static D:\Electronica\Talleres_Virtuales\Taller1\Programas\PWM.X\Retardos.inc
             Retardo_10ms   0x00003f    program     static D:\Electronica\Talleres_Virtuales\Taller1\Programas\PWM.X\Retardos.inc
              Retardo_5ms   0x000041    program     static D:\Electronica\Talleres_Virtuales\Taller1\Programas\PWM.X\Retardos.inc
              Retardo_2ms   0x000043    program     static D:\Electronica\Talleres_Virtuales\Taller1\Programas\PWM.X\Retardos.inc
              Retardo_1ms   0x000045    program     static D:\Electronica\Talleres_Virtuales\Taller1\Programas\PWM.X\Retardos.inc
              Retardos_ms   0x000046    program     static D:\Electronica\Talleres_Virtuales\Taller1\Programas\PWM.X\Retardos.inc
        R1ms_BucleExterno   0x000047    program     static D:\Electronica\Talleres_Virtuales\Taller1\Programas\PWM.X\Retardos.inc
        R1ms_BucleInterno   0x000049    program     static D:\Electronica\Talleres_Virtuales\Taller1\Programas\PWM.X\Retardos.inc
              Retardo_20s   0x00004f    program     static D:\Electronica\Talleres_Virtuales\Taller1\Programas\PWM.X\Retardos.inc
              Retardo_10s   0x000051    program     static D:\Electronica\Talleres_Virtuales\Taller1\Programas\PWM.X\Retardos.inc
               Retardo_5s   0x000053    program     static D:\Electronica\Talleres_Virtuales\Taller1\Programas\PWM.X\Retardos.inc
               Retardo_2s   0x000055    program     static D:\Electronica\Talleres_Virtuales\Taller1\Programas\PWM.X\Retardos.inc
               Retardo_1s   0x000057    program     static D:\Electronica\Talleres_Virtuales\Taller1\Programas\PWM.X\Retardos.inc
            Retardo_500ms   0x000059    program     static D:\Electronica\Talleres_Virtuales\Taller1\Programas\PWM.X\Retardos.inc
          Retardo_1Decima   0x00005a    program     static D:\Electronica\Talleres_Virtuales\Taller1\Programas\PWM.X\Retardos.inc
   R1Decima_BucleExterno2   0x00005b    program     static D:\Electronica\Talleres_Virtuales\Taller1\Programas\PWM.X\Retardos.inc
    R1Decima_BucleExterno   0x00005d    program     static D:\Electronica\Talleres_Virtuales\Taller1\Programas\PWM.X\Retardos.inc
    R1Decima_BucleInterno   0x00005f    program     static D:\Electronica\Talleres_Virtuales\Taller1\Programas\PWM.X\Retardos.inc


