MPLINK 5.09, LINKER
Linker Map File - Created Tue May 05 16:06:43 2020

                                 Section Info
                  Section       Type    Address   Location Size(Bytes)
                ---------  ---------  ---------  ---------  ---------
                   .org_0       code   0x000000    program   0x000002
                   .cinit    romdata   0x000001    program   0x000004
                   .org_1       code   0x000004    program   0x0000dc
.config_2007_BUILD/DEFAULT/PRODUCTION/PROGRAM       code   0x002007    program   0x000002



                              Program Memory Usage 
                               Start         End      
                           ---------   ---------      
                            0x000000    0x000002      
                            0x000004    0x000071      
                            0x002007    0x002007      
            114 out of 4358 program addresses used, program memory utilization is 2%



                              Symbols - Sorted by Name
                     Name    Address   Location    Storage File                     
                ---------  ---------  ---------  --------- ---------                
                   INICIO   0x000005    program     static D:\Electronica\Talleres_Virtuales\Taller1\Programas\MotorDC_PWM.X\Programa.asm
                  INT_EXT   0x000020    program     static D:\Electronica\Talleres_Virtuales\Taller1\Programas\MotorDC_PWM.X\Programa.asm
                  MUESTRA   0x000027    program     static D:\Electronica\Talleres_Virtuales\Taller1\Programas\MotorDC_PWM.X\Programa.asm
    R1Decima_BucleExterno   0x000068    program     static D:\Electronica\Talleres_Virtuales\Taller1\Programas\MotorDC_PWM.X\Retardos.inc
   R1Decima_BucleExterno2   0x000066    program     static D:\Electronica\Talleres_Virtuales\Taller1\Programas\MotorDC_PWM.X\Retardos.inc
    R1Decima_BucleInterno   0x00006a    program     static D:\Electronica\Talleres_Virtuales\Taller1\Programas\MotorDC_PWM.X\Retardos.inc
        R1ms_BucleExterno   0x000052    program     static D:\Electronica\Talleres_Virtuales\Taller1\Programas\MotorDC_PWM.X\Retardos.inc
        R1ms_BucleInterno   0x000054    program     static D:\Electronica\Talleres_Virtuales\Taller1\Programas\MotorDC_PWM.X\Retardos.inc
            RetardoMicros   0x00003e    program     static D:\Electronica\Talleres_Virtuales\Taller1\Programas\MotorDC_PWM.X\Retardos.inc
        Retardo_100micros   0x000038    program     static D:\Electronica\Talleres_Virtuales\Taller1\Programas\MotorDC_PWM.X\Retardos.inc
            Retardo_100ms   0x000044    program     static D:\Electronica\Talleres_Virtuales\Taller1\Programas\MotorDC_PWM.X\Retardos.inc
         Retardo_10micros   0x00002b    program     static D:\Electronica\Talleres_Virtuales\Taller1\Programas\MotorDC_PWM.X\Retardos.inc
             Retardo_10ms   0x00004a    program     static D:\Electronica\Talleres_Virtuales\Taller1\Programas\MotorDC_PWM.X\Retardos.inc
              Retardo_10s   0x00005c    program     static D:\Electronica\Talleres_Virtuales\Taller1\Programas\MotorDC_PWM.X\Retardos.inc
          Retardo_1Decima   0x000065    program     static D:\Electronica\Talleres_Virtuales\Taller1\Programas\MotorDC_PWM.X\Retardos.inc
              Retardo_1ms   0x000050    program     static D:\Electronica\Talleres_Virtuales\Taller1\Programas\MotorDC_PWM.X\Retardos.inc
               Retardo_1s   0x000062    program     static D:\Electronica\Talleres_Virtuales\Taller1\Programas\MotorDC_PWM.X\Retardos.inc
        Retardo_200micros   0x000035    program     static D:\Electronica\Talleres_Virtuales\Taller1\Programas\MotorDC_PWM.X\Retardos.inc
            Retardo_200ms   0x000042    program     static D:\Electronica\Talleres_Virtuales\Taller1\Programas\MotorDC_PWM.X\Retardos.inc
         Retardo_20micros   0x00003d    program     static D:\Electronica\Talleres_Virtuales\Taller1\Programas\MotorDC_PWM.X\Retardos.inc
             Retardo_20ms   0x000048    program     static D:\Electronica\Talleres_Virtuales\Taller1\Programas\MotorDC_PWM.X\Retardos.inc
              Retardo_20s   0x00005a    program     static D:\Electronica\Talleres_Virtuales\Taller1\Programas\MotorDC_PWM.X\Retardos.inc
              Retardo_2ms   0x00004e    program     static D:\Electronica\Talleres_Virtuales\Taller1\Programas\MotorDC_PWM.X\Retardos.inc
               Retardo_2s   0x000060    program     static D:\Electronica\Talleres_Virtuales\Taller1\Programas\MotorDC_PWM.X\Retardos.inc
          Retardo_4micros   0x000031    program     static D:\Electronica\Talleres_Virtuales\Taller1\Programas\MotorDC_PWM.X\Retardos.inc
        Retardo_500micros   0x000032    program     static D:\Electronica\Talleres_Virtuales\Taller1\Programas\MotorDC_PWM.X\Retardos.inc
            Retardo_500ms   0x000064    program     static D:\Electronica\Talleres_Virtuales\Taller1\Programas\MotorDC_PWM.X\Retardos.inc
         Retardo_50micros   0x00003a    program     static D:\Electronica\Talleres_Virtuales\Taller1\Programas\MotorDC_PWM.X\Retardos.inc
             Retardo_50ms   0x000046    program     static D:\Electronica\Talleres_Virtuales\Taller1\Programas\MotorDC_PWM.X\Retardos.inc
          Retardo_5micros   0x000030    program     static D:\Electronica\Talleres_Virtuales\Taller1\Programas\MotorDC_PWM.X\Retardos.inc
              Retardo_5ms   0x00004c    program     static D:\Electronica\Talleres_Virtuales\Taller1\Programas\MotorDC_PWM.X\Retardos.inc
               Retardo_5s   0x00005e    program     static D:\Electronica\Talleres_Virtuales\Taller1\Programas\MotorDC_PWM.X\Retardos.inc
              Retardos_ms   0x000051    program     static D:\Electronica\Talleres_Virtuales\Taller1\Programas\MotorDC_PWM.X\Retardos.inc
            Rmicros_Bucle   0x00003f    program     static D:\Electronica\Talleres_Virtuales\Taller1\Programas\MotorDC_PWM.X\Retardos.inc
                    START   0x00001d    program     static D:\Electronica\Talleres_Virtuales\Taller1\Programas\MotorDC_PWM.X\Programa.asm



                              Symbols - Sorted by Address
                     Name    Address   Location    Storage File                     
                ---------  ---------  ---------  --------- ---------                
                   INICIO   0x000005    program     static D:\Electronica\Talleres_Virtuales\Taller1\Programas\MotorDC_PWM.X\Programa.asm
                    START   0x00001d    program     static D:\Electronica\Talleres_Virtuales\Taller1\Programas\MotorDC_PWM.X\Programa.asm
                  INT_EXT   0x000020    program     static D:\Electronica\Talleres_Virtuales\Taller1\Programas\MotorDC_PWM.X\Programa.asm
                  MUESTRA   0x000027    program     static D:\Electronica\Talleres_Virtuales\Taller1\Programas\MotorDC_PWM.X\Programa.asm
         Retardo_10micros   0x00002b    program     static D:\Electronica\Talleres_Virtuales\Taller1\Programas\MotorDC_PWM.X\Retardos.inc
          Retardo_5micros   0x000030    program     static D:\Electronica\Talleres_Virtuales\Taller1\Programas\MotorDC_PWM.X\Retardos.inc
          Retardo_4micros   0x000031    program     static D:\Electronica\Talleres_Virtuales\Taller1\Programas\MotorDC_PWM.X\Retardos.inc
        Retardo_500micros   0x000032    program     static D:\Electronica\Talleres_Virtuales\Taller1\Programas\MotorDC_PWM.X\Retardos.inc
        Retardo_200micros   0x000035    program     static D:\Electronica\Talleres_Virtuales\Taller1\Programas\MotorDC_PWM.X\Retardos.inc
        Retardo_100micros   0x000038    program     static D:\Electronica\Talleres_Virtuales\Taller1\Programas\MotorDC_PWM.X\Retardos.inc
         Retardo_50micros   0x00003a    program     static D:\Electronica\Talleres_Virtuales\Taller1\Programas\MotorDC_PWM.X\Retardos.inc
         Retardo_20micros   0x00003d    program     static D:\Electronica\Talleres_Virtuales\Taller1\Programas\MotorDC_PWM.X\Retardos.inc
            RetardoMicros   0x00003e    program     static D:\Electronica\Talleres_Virtuales\Taller1\Programas\MotorDC_PWM.X\Retardos.inc
            Rmicros_Bucle   0x00003f    program     static D:\Electronica\Talleres_Virtuales\Taller1\Programas\MotorDC_PWM.X\Retardos.inc
            Retardo_200ms   0x000042    program     static D:\Electronica\Talleres_Virtuales\Taller1\Programas\MotorDC_PWM.X\Retardos.inc
            Retardo_100ms   0x000044    program     static D:\Electronica\Talleres_Virtuales\Taller1\Programas\MotorDC_PWM.X\Retardos.inc
             Retardo_50ms   0x000046    program     static D:\Electronica\Talleres_Virtuales\Taller1\Programas\MotorDC_PWM.X\Retardos.inc
             Retardo_20ms   0x000048    program     static D:\Electronica\Talleres_Virtuales\Taller1\Programas\MotorDC_PWM.X\Retardos.inc
             Retardo_10ms   0x00004a    program     static D:\Electronica\Talleres_Virtuales\Taller1\Programas\MotorDC_PWM.X\Retardos.inc
              Retardo_5ms   0x00004c    program     static D:\Electronica\Talleres_Virtuales\Taller1\Programas\MotorDC_PWM.X\Retardos.inc
              Retardo_2ms   0x00004e    program     static D:\Electronica\Talleres_Virtuales\Taller1\Programas\MotorDC_PWM.X\Retardos.inc
              Retardo_1ms   0x000050    program     static D:\Electronica\Talleres_Virtuales\Taller1\Programas\MotorDC_PWM.X\Retardos.inc
              Retardos_ms   0x000051    program     static D:\Electronica\Talleres_Virtuales\Taller1\Programas\MotorDC_PWM.X\Retardos.inc
        R1ms_BucleExterno   0x000052    program     static D:\Electronica\Talleres_Virtuales\Taller1\Programas\MotorDC_PWM.X\Retardos.inc
        R1ms_BucleInterno   0x000054    program     static D:\Electronica\Talleres_Virtuales\Taller1\Programas\MotorDC_PWM.X\Retardos.inc
              Retardo_20s   0x00005a    program     static D:\Electronica\Talleres_Virtuales\Taller1\Programas\MotorDC_PWM.X\Retardos.inc
              Retardo_10s   0x00005c    program     static D:\Electronica\Talleres_Virtuales\Taller1\Programas\MotorDC_PWM.X\Retardos.inc
               Retardo_5s   0x00005e    program     static D:\Electronica\Talleres_Virtuales\Taller1\Programas\MotorDC_PWM.X\Retardos.inc
               Retardo_2s   0x000060    program     static D:\Electronica\Talleres_Virtuales\Taller1\Programas\MotorDC_PWM.X\Retardos.inc
               Retardo_1s   0x000062    program     static D:\Electronica\Talleres_Virtuales\Taller1\Programas\MotorDC_PWM.X\Retardos.inc
            Retardo_500ms   0x000064    program     static D:\Electronica\Talleres_Virtuales\Taller1\Programas\MotorDC_PWM.X\Retardos.inc
          Retardo_1Decima   0x000065    program     static D:\Electronica\Talleres_Virtuales\Taller1\Programas\MotorDC_PWM.X\Retardos.inc
   R1Decima_BucleExterno2   0x000066    program     static D:\Electronica\Talleres_Virtuales\Taller1\Programas\MotorDC_PWM.X\Retardos.inc
    R1Decima_BucleExterno   0x000068    program     static D:\Electronica\Talleres_Virtuales\Taller1\Programas\MotorDC_PWM.X\Retardos.inc
    R1Decima_BucleInterno   0x00006a    program     static D:\Electronica\Talleres_Virtuales\Taller1\Programas\MotorDC_PWM.X\Retardos.inc


