MPLINK 5.09, LINKER
Linker Map File - Created Sun May 03 12:30:32 2020

                                 Section Info
                  Section       Type    Address   Location Size(Bytes)
                ---------  ---------  ---------  ---------  ---------
                   .org_0       code   0x000000    program   0x00002a
                   .cinit    romdata   0x000015    program   0x000004
.config_2007_BUILD/DEFAULT/PRODUCTION/PROGRAM       code   0x002007    program   0x000002



                              Program Memory Usage 
                               Start         End      
                           ---------   ---------      
                            0x000000    0x000016      
                            0x002007    0x002007      
            24 out of 4358 program addresses used, program memory utilization is 0%



                              Symbols - Sorted by Name
                     Name    Address   Location    Storage File                     
                ---------  ---------  ---------  --------- ---------                
                   INICIO   0x000001    program     static D:\Electronica\Talleres_Virtuales\Taller1\Programas\Timer0_Sin_Interrupcion.X\programa.asm
                    START   0x00000a    program     static D:\Electronica\Talleres_Virtuales\Taller1\Programas\Timer0_Sin_Interrupcion.X\programa.asm
                   Timer0   0x00000f    program     static D:\Electronica\Talleres_Virtuales\Taller1\Programas\Timer0_Sin_Interrupcion.X\programa.asm
    Timer0_Desbordamiento   0x000012    program     static D:\Electronica\Talleres_Virtuales\Taller1\Programas\Timer0_Sin_Interrupcion.X\programa.asm



                              Symbols - Sorted by Address
                     Name    Address   Location    Storage File                     
                ---------  ---------  ---------  --------- ---------                
                   INICIO   0x000001    program     static D:\Electronica\Talleres_Virtuales\Taller1\Programas\Timer0_Sin_Interrupcion.X\programa.asm
                    START   0x00000a    program     static D:\Electronica\Talleres_Virtuales\Taller1\Programas\Timer0_Sin_Interrupcion.X\programa.asm
                   Timer0   0x00000f    program     static D:\Electronica\Talleres_Virtuales\Taller1\Programas\Timer0_Sin_Interrupcion.X\programa.asm
    Timer0_Desbordamiento   0x000012    program     static D:\Electronica\Talleres_Virtuales\Taller1\Programas\Timer0_Sin_Interrupcion.X\programa.asm


