MPLINK 5.09, LINKER
Linker Map File - Created Thu Apr 30 13:12:42 2020

                                 Section Info
                  Section       Type    Address   Location Size(Bytes)
                ---------  ---------  ---------  ---------  ---------
                   .org_0       code   0x000000    program   0x000016
                   .cinit    romdata   0x00000b    program   0x000004
.config_2007_BUILD/DEFAULT/PRODUCTION/PROGRAM       code   0x002007    program   0x000002



                              Program Memory Usage 
                               Start         End      
                           ---------   ---------      
                            0x000000    0x00000c      
                            0x002007    0x002007      
            14 out of 4358 program addresses used, program memory utilization is 0%



                              Symbols - Sorted by Name
                     Name    Address   Location    Storage File                     
                ---------  ---------  ---------  --------- ---------                
                   APAGAR   0x000009    program     static D:\Electronica\Talleres_Virtuales\Taller1\Programas\HolaMundo.X\Programa_principal.asm
                   INICIO   0x000001    program     static D:\Electronica\Talleres_Virtuales\Taller1\Programas\HolaMundo.X\Programa_principal.asm
                    START   0x000005    program     static D:\Electronica\Talleres_Virtuales\Taller1\Programas\HolaMundo.X\Programa_principal.asm



                              Symbols - Sorted by Address
                     Name    Address   Location    Storage File                     
                ---------  ---------  ---------  --------- ---------                
                   INICIO   0x000001    program     static D:\Electronica\Talleres_Virtuales\Taller1\Programas\HolaMundo.X\Programa_principal.asm
                    START   0x000005    program     static D:\Electronica\Talleres_Virtuales\Taller1\Programas\HolaMundo.X\Programa_principal.asm
                   APAGAR   0x000009    program     static D:\Electronica\Talleres_Virtuales\Taller1\Programas\HolaMundo.X\Programa_principal.asm


