MPLINK 5.09, LINKER
Linker Map File - Created Fri May 01 12:01:41 2020

                                 Section Info
                  Section       Type    Address   Location Size(Bytes)
                ---------  ---------  ---------  ---------  ---------
                   .org_0       code   0x000000    program   0x000002
                   .cinit    romdata   0x000001    program   0x000004
                   .org_1       code   0x000004    program   0x000036
.config_2007_BUILD/DEFAULT/PRODUCTION/PROGRAM       code   0x002007    program   0x000002



                              Program Memory Usage 
                               Start         End      
                           ---------   ---------      
                            0x000000    0x000002      
                            0x000004    0x00001e      
                            0x002007    0x002007      
            31 out of 4358 program addresses used, program memory utilization is 0%



                              Symbols - Sorted by Name
                     Name    Address   Location    Storage File                     
                ---------  ---------  ---------  --------- ---------                
                  FIN_INT   0x00001d    program     static D:\Electronica\Talleres_Virtuales\Taller1\Programas\Interrupciones.X\Programa_principal.asm
                   INICIO   0x000005    program     static D:\Electronica\Talleres_Virtuales\Taller1\Programas\Interrupciones.X\Programa_principal.asm
                  INT_EXT   0x000016    program     static D:\Electronica\Talleres_Virtuales\Taller1\Programas\Interrupciones.X\Programa_principal.asm
                    START   0x000013    program     static D:\Electronica\Talleres_Virtuales\Taller1\Programas\Interrupciones.X\Programa_principal.asm



                              Symbols - Sorted by Address
                     Name    Address   Location    Storage File                     
                ---------  ---------  ---------  --------- ---------                
                   INICIO   0x000005    program     static D:\Electronica\Talleres_Virtuales\Taller1\Programas\Interrupciones.X\Programa_principal.asm
                    START   0x000013    program     static D:\Electronica\Talleres_Virtuales\Taller1\Programas\Interrupciones.X\Programa_principal.asm
                  INT_EXT   0x000016    program     static D:\Electronica\Talleres_Virtuales\Taller1\Programas\Interrupciones.X\Programa_principal.asm
                  FIN_INT   0x00001d    program     static D:\Electronica\Talleres_Virtuales\Taller1\Programas\Interrupciones.X\Programa_principal.asm


