MPLINK 5.09, LINKER
Linker Map File - Created Tue May 05 12:38:34 2020

                                 Section Info
                  Section       Type    Address   Location Size(Bytes)
                ---------  ---------  ---------  ---------  ---------
                   .org_0       code   0x000000    program   0x000002
                   .cinit    romdata   0x000001    program   0x000004
                   .org_1       code   0x000005    program   0x000188
.config_2007_BUILD/DEFAULT/PRODUCTION/PROGRAM       code   0x002007    program   0x000002



                              Program Memory Usage 
                               Start         End      
                           ---------   ---------      
                            0x000000    0x000002      
                            0x000005    0x0000c8      
                            0x002007    0x002007      
            200 out of 4358 program addresses used, program memory utilization is 4%



                              Symbols - Sorted by Name
                     Name    Address   Location    Storage File                     
                ---------  ---------  ---------  --------- ---------                
                    Bucle   0x000018    program     static D:\Electronica\Talleres_Virtuales\Taller1\Programas\LCD_4BITS.X\Programa_principal.asm
                   Inicio   0x000005    program     static D:\Electronica\Talleres_Virtuales\Taller1\Programas\LCD_4BITS.X\Programa_principal.asm
              LCD_Bandera   0x000042    program     static D:\Electronica\Talleres_Virtuales\Taller1\Programas\LCD_4BITS.X\Programa_principal.asm
             LCD_Caracter   0x00007d    program     static D:\Electronica\Talleres_Virtuales\Taller1\Programas\LCD_4BITS.X\Programa_principal.asm
              LCD_Comando   0x000078    program     static D:\Electronica\Talleres_Virtuales\Taller1\Programas\LCD_4BITS.X\Programa_principal.asm
       LCD_Config_puertos   0x00001a    program     static D:\Electronica\Talleres_Virtuales\Taller1\Programas\LCD_4BITS.X\Programa_principal.asm
               LCD_Enable   0x000057    program     static D:\Electronica\Talleres_Virtuales\Taller1\Programas\LCD_4BITS.X\Programa_principal.asm
           LCD_Envio_Data   0x00005c    program     static D:\Electronica\Talleres_Virtuales\Taller1\Programas\LCD_4BITS.X\Programa_principal.asm
                 LCD_Init   0x00002d    program     static D:\Electronica\Talleres_Virtuales\Taller1\Programas\LCD_4BITS.X\Programa_principal.asm
    R1Decima_BucleExterno   0x0000bf    program     static D:\Electronica\Talleres_Virtuales\Taller1\Programas\LCD_4BITS.X\Retardos.inc
   R1Decima_BucleExterno2   0x0000bd    program     static D:\Electronica\Talleres_Virtuales\Taller1\Programas\LCD_4BITS.X\Retardos.inc
    R1Decima_BucleInterno   0x0000c1    program     static D:\Electronica\Talleres_Virtuales\Taller1\Programas\LCD_4BITS.X\Retardos.inc
        R1ms_BucleExterno   0x0000a9    program     static D:\Electronica\Talleres_Virtuales\Taller1\Programas\LCD_4BITS.X\Retardos.inc
        R1ms_BucleInterno   0x0000ab    program     static D:\Electronica\Talleres_Virtuales\Taller1\Programas\LCD_4BITS.X\Retardos.inc
            RetardoMicros   0x000095    program     static D:\Electronica\Talleres_Virtuales\Taller1\Programas\LCD_4BITS.X\Retardos.inc
        Retardo_100micros   0x00008f    program     static D:\Electronica\Talleres_Virtuales\Taller1\Programas\LCD_4BITS.X\Retardos.inc
            Retardo_100ms   0x00009b    program     static D:\Electronica\Talleres_Virtuales\Taller1\Programas\LCD_4BITS.X\Retardos.inc
         Retardo_10micros   0x000082    program     static D:\Electronica\Talleres_Virtuales\Taller1\Programas\LCD_4BITS.X\Retardos.inc
             Retardo_10ms   0x0000a1    program     static D:\Electronica\Talleres_Virtuales\Taller1\Programas\LCD_4BITS.X\Retardos.inc
              Retardo_10s   0x0000b3    program     static D:\Electronica\Talleres_Virtuales\Taller1\Programas\LCD_4BITS.X\Retardos.inc
          Retardo_1Decima   0x0000bc    program     static D:\Electronica\Talleres_Virtuales\Taller1\Programas\LCD_4BITS.X\Retardos.inc
              Retardo_1ms   0x0000a7    program     static D:\Electronica\Talleres_Virtuales\Taller1\Programas\LCD_4BITS.X\Retardos.inc
               Retardo_1s   0x0000b9    program     static D:\Electronica\Talleres_Virtuales\Taller1\Programas\LCD_4BITS.X\Retardos.inc
        Retardo_200micros   0x00008c    program     static D:\Electronica\Talleres_Virtuales\Taller1\Programas\LCD_4BITS.X\Retardos.inc
            Retardo_200ms   0x000099    program     static D:\Electronica\Talleres_Virtuales\Taller1\Programas\LCD_4BITS.X\Retardos.inc
         Retardo_20micros   0x000094    program     static D:\Electronica\Talleres_Virtuales\Taller1\Programas\LCD_4BITS.X\Retardos.inc
             Retardo_20ms   0x00009f    program     static D:\Electronica\Talleres_Virtuales\Taller1\Programas\LCD_4BITS.X\Retardos.inc
              Retardo_20s   0x0000b1    program     static D:\Electronica\Talleres_Virtuales\Taller1\Programas\LCD_4BITS.X\Retardos.inc
              Retardo_2ms   0x0000a5    program     static D:\Electronica\Talleres_Virtuales\Taller1\Programas\LCD_4BITS.X\Retardos.inc
               Retardo_2s   0x0000b7    program     static D:\Electronica\Talleres_Virtuales\Taller1\Programas\LCD_4BITS.X\Retardos.inc
          Retardo_4micros   0x000088    program     static D:\Electronica\Talleres_Virtuales\Taller1\Programas\LCD_4BITS.X\Retardos.inc
        Retardo_500micros   0x000089    program     static D:\Electronica\Talleres_Virtuales\Taller1\Programas\LCD_4BITS.X\Retardos.inc
            Retardo_500ms   0x0000bb    program     static D:\Electronica\Talleres_Virtuales\Taller1\Programas\LCD_4BITS.X\Retardos.inc
         Retardo_50micros   0x000091    program     static D:\Electronica\Talleres_Virtuales\Taller1\Programas\LCD_4BITS.X\Retardos.inc
             Retardo_50ms   0x00009d    program     static D:\Electronica\Talleres_Virtuales\Taller1\Programas\LCD_4BITS.X\Retardos.inc
          Retardo_5micros   0x000087    program     static D:\Electronica\Talleres_Virtuales\Taller1\Programas\LCD_4BITS.X\Retardos.inc
              Retardo_5ms   0x0000a3    program     static D:\Electronica\Talleres_Virtuales\Taller1\Programas\LCD_4BITS.X\Retardos.inc
               Retardo_5s   0x0000b5    program     static D:\Electronica\Talleres_Virtuales\Taller1\Programas\LCD_4BITS.X\Retardos.inc
              Retardos_ms   0x0000a8    program     static D:\Electronica\Talleres_Virtuales\Taller1\Programas\LCD_4BITS.X\Retardos.inc
            Rmicros_Bucle   0x000096    program     static D:\Electronica\Talleres_Virtuales\Taller1\Programas\LCD_4BITS.X\Retardos.inc
             _.org_1_0037   0x000037    program     static D:\Electronica\Talleres_Virtuales\Taller1\Programas\LCD_4BITS.X\Programa_principal.asm
             _.org_1_0051   0x000051    program     static D:\Electronica\Talleres_Virtuales\Taller1\Programas\LCD_4BITS.X\Programa_principal.asm



                              Symbols - Sorted by Address
                     Name    Address   Location    Storage File                     
                ---------  ---------  ---------  --------- ---------                
                   Inicio   0x000005    program     static D:\Electronica\Talleres_Virtuales\Taller1\Programas\LCD_4BITS.X\Programa_principal.asm
                    Bucle   0x000018    program     static D:\Electronica\Talleres_Virtuales\Taller1\Programas\LCD_4BITS.X\Programa_principal.asm
       LCD_Config_puertos   0x00001a    program     static D:\Electronica\Talleres_Virtuales\Taller1\Programas\LCD_4BITS.X\Programa_principal.asm
                 LCD_Init   0x00002d    program     static D:\Electronica\Talleres_Virtuales\Taller1\Programas\LCD_4BITS.X\Programa_principal.asm
             _.org_1_0037   0x000037    program     static D:\Electronica\Talleres_Virtuales\Taller1\Programas\LCD_4BITS.X\Programa_principal.asm
              LCD_Bandera   0x000042    program     static D:\Electronica\Talleres_Virtuales\Taller1\Programas\LCD_4BITS.X\Programa_principal.asm
             _.org_1_0051   0x000051    program     static D:\Electronica\Talleres_Virtuales\Taller1\Programas\LCD_4BITS.X\Programa_principal.asm
               LCD_Enable   0x000057    program     static D:\Electronica\Talleres_Virtuales\Taller1\Programas\LCD_4BITS.X\Programa_principal.asm
           LCD_Envio_Data   0x00005c    program     static D:\Electronica\Talleres_Virtuales\Taller1\Programas\LCD_4BITS.X\Programa_principal.asm
              LCD_Comando   0x000078    program     static D:\Electronica\Talleres_Virtuales\Taller1\Programas\LCD_4BITS.X\Programa_principal.asm
             LCD_Caracter   0x00007d    program     static D:\Electronica\Talleres_Virtuales\Taller1\Programas\LCD_4BITS.X\Programa_principal.asm
         Retardo_10micros   0x000082    program     static D:\Electronica\Talleres_Virtuales\Taller1\Programas\LCD_4BITS.X\Retardos.inc
          Retardo_5micros   0x000087    program     static D:\Electronica\Talleres_Virtuales\Taller1\Programas\LCD_4BITS.X\Retardos.inc
          Retardo_4micros   0x000088    program     static D:\Electronica\Talleres_Virtuales\Taller1\Programas\LCD_4BITS.X\Retardos.inc
        Retardo_500micros   0x000089    program     static D:\Electronica\Talleres_Virtuales\Taller1\Programas\LCD_4BITS.X\Retardos.inc
        Retardo_200micros   0x00008c    program     static D:\Electronica\Talleres_Virtuales\Taller1\Programas\LCD_4BITS.X\Retardos.inc
        Retardo_100micros   0x00008f    program     static D:\Electronica\Talleres_Virtuales\Taller1\Programas\LCD_4BITS.X\Retardos.inc
         Retardo_50micros   0x000091    program     static D:\Electronica\Talleres_Virtuales\Taller1\Programas\LCD_4BITS.X\Retardos.inc
         Retardo_20micros   0x000094    program     static D:\Electronica\Talleres_Virtuales\Taller1\Programas\LCD_4BITS.X\Retardos.inc
            RetardoMicros   0x000095    program     static D:\Electronica\Talleres_Virtuales\Taller1\Programas\LCD_4BITS.X\Retardos.inc
            Rmicros_Bucle   0x000096    program     static D:\Electronica\Talleres_Virtuales\Taller1\Programas\LCD_4BITS.X\Retardos.inc
            Retardo_200ms   0x000099    program     static D:\Electronica\Talleres_Virtuales\Taller1\Programas\LCD_4BITS.X\Retardos.inc
            Retardo_100ms   0x00009b    program     static D:\Electronica\Talleres_Virtuales\Taller1\Programas\LCD_4BITS.X\Retardos.inc
             Retardo_50ms   0x00009d    program     static D:\Electronica\Talleres_Virtuales\Taller1\Programas\LCD_4BITS.X\Retardos.inc
             Retardo_20ms   0x00009f    program     static D:\Electronica\Talleres_Virtuales\Taller1\Programas\LCD_4BITS.X\Retardos.inc
             Retardo_10ms   0x0000a1    program     static D:\Electronica\Talleres_Virtuales\Taller1\Programas\LCD_4BITS.X\Retardos.inc
              Retardo_5ms   0x0000a3    program     static D:\Electronica\Talleres_Virtuales\Taller1\Programas\LCD_4BITS.X\Retardos.inc
              Retardo_2ms   0x0000a5    program     static D:\Electronica\Talleres_Virtuales\Taller1\Programas\LCD_4BITS.X\Retardos.inc
              Retardo_1ms   0x0000a7    program     static D:\Electronica\Talleres_Virtuales\Taller1\Programas\LCD_4BITS.X\Retardos.inc
              Retardos_ms   0x0000a8    program     static D:\Electronica\Talleres_Virtuales\Taller1\Programas\LCD_4BITS.X\Retardos.inc
        R1ms_BucleExterno   0x0000a9    program     static D:\Electronica\Talleres_Virtuales\Taller1\Programas\LCD_4BITS.X\Retardos.inc
        R1ms_BucleInterno   0x0000ab    program     static D:\Electronica\Talleres_Virtuales\Taller1\Programas\LCD_4BITS.X\Retardos.inc
              Retardo_20s   0x0000b1    program     static D:\Electronica\Talleres_Virtuales\Taller1\Programas\LCD_4BITS.X\Retardos.inc
              Retardo_10s   0x0000b3    program     static D:\Electronica\Talleres_Virtuales\Taller1\Programas\LCD_4BITS.X\Retardos.inc
               Retardo_5s   0x0000b5    program     static D:\Electronica\Talleres_Virtuales\Taller1\Programas\LCD_4BITS.X\Retardos.inc
               Retardo_2s   0x0000b7    program     static D:\Electronica\Talleres_Virtuales\Taller1\Programas\LCD_4BITS.X\Retardos.inc
               Retardo_1s   0x0000b9    program     static D:\Electronica\Talleres_Virtuales\Taller1\Programas\LCD_4BITS.X\Retardos.inc
            Retardo_500ms   0x0000bb    program     static D:\Electronica\Talleres_Virtuales\Taller1\Programas\LCD_4BITS.X\Retardos.inc
          Retardo_1Decima   0x0000bc    program     static D:\Electronica\Talleres_Virtuales\Taller1\Programas\LCD_4BITS.X\Retardos.inc
   R1Decima_BucleExterno2   0x0000bd    program     static D:\Electronica\Talleres_Virtuales\Taller1\Programas\LCD_4BITS.X\Retardos.inc
    R1Decima_BucleExterno   0x0000bf    program     static D:\Electronica\Talleres_Virtuales\Taller1\Programas\LCD_4BITS.X\Retardos.inc
    R1Decima_BucleInterno   0x0000c1    program     static D:\Electronica\Talleres_Virtuales\Taller1\Programas\LCD_4BITS.X\Retardos.inc


